// Jest Snapshot v1, https://goo.gl/fbAQLP

exports[`zfd dist files exports modules correctly 1`] = `
Array [
  "Alert",
  "LocaleProvider",
]
`;
